// Vitest Snapshot v1, https://vitest.dev/guide/snapshot.html

exports[`parseTokens 1`] = `
[
  {
    "id": 0,
    "type": "number",
    "value": 42,
  },
  {
    "id": 3,
    "kind": 0,
    "tokens": [
      {
        "id": 2,
        "type": "string",
        "value": "Hello",
      },
    ],
    "type": "group",
  },
  {
    "id": 4,
    "name": "variable",
    "type": "identifier",
  },
  {
    "id": 9,
    "kind": 1,
    "tokens": [
      {
        "id": 8,
        "kind": 1,
        "tokens": [
          {
            "id": 7,
            "name": "expr",
            "type": "identifier",
          },
        ],
        "type": "group",
      },
    ],
    "type": "group",
  },
]
`;
